// Jest Snapshot v1, https://goo.gl/fbAQLP

exports[`<Nodes /> should match snapshot 1`] = `
<div
  className="MuiBox-root css-1ak52z1"
>
  <h1
    className="MuiTypography-root MuiTypography-h4 css-5lbw0b-MuiTypography-root"
  >
    <strong
      style={
        Object {
          "color": "#000",
        }
      }
    >
      Nodes
    </strong>
  </h1>
  <div
    className="MuiPaper-root MuiPaper-elevation MuiPaper-rounded MuiPaper-elevation3 MuiAccordion-root MuiAccordion-rounded MuiAccordion-gutters css-185lh1p-MuiPaper-root-MuiAccordion-root"
  >
    <div
      aria-expanded={false}
      className="MuiButtonBase-root MuiAccordionSummary-root MuiAccordionSummary-gutters css-n997py-MuiButtonBase-root-MuiAccordionSummary-root"
      onBlur={[Function]}
      onClick={[Function]}
      onContextMenu={[Function]}
      onDragLeave={[Function]}
      onFocus={[Function]}
      onKeyDown={[Function]}
      onKeyUp={[Function]}
      onMouseDown={[Function]}
      onMouseLeave={[Function]}
      onMouseUp={[Function]}
      onTouchEnd={[Function]}
      onTouchMove={[Function]}
      onTouchStart={[Function]}
      role="button"
      tabIndex={0}
    >
      <div
        className="MuiAccordionSummary-content MuiAccordionSummary-contentGutters css-o4b71y-MuiAccordionSummary-content"
      >
        <div
          className="MuiBox-root css-16rygv8"
        >
          <div
            className="MuiBox-root css-0"
          >
            <h5
              className="MuiTypography-root MuiTypography-h5 css-bl5h9z-MuiTypography-root"
            >
              Node 1
            </h5>
            <h6
              className="MuiTypography-root MuiTypography-subtitle1 css-gvet60-MuiTypography-root"
            >
              https://thawing-springs-53971.herokuapp.com
            </h6>
          </div>
          <div
            className="MuiBox-root css-70qvj9"
          >
            <span
              className="css-1y3s8m3"
            />
            <span
              className="css-10g39r7"
            >
              OFFLINE
            </span>
          </div>
        </div>
      </div>
      <div
        className="MuiAccordionSummary-expandIconWrapper css-yw020d-MuiAccordionSummary-expandIconWrapper"
      >
        <svg
          aria-hidden={true}
          className="MuiSvgIcon-root MuiSvgIcon-fontSizeMedium css-i4bv87-MuiSvgIcon-root"
          data-testid="ExpandMoreIcon"
          focusable="false"
          viewBox="0 0 24 24"
        >
          <path
            d="M16.59 8.59 12 13.17 7.41 8.59 6 10l6 6 6-6z"
          />
        </svg>
      </div>
    </div>
    <div
      className="MuiCollapse-root MuiCollapse-vertical MuiCollapse-hidden css-bz4dnt-MuiCollapse-root"
      style={
        Object {
          "minHeight": "0px",
        }
      }
    >
      <div
        className="MuiCollapse-wrapper MuiCollapse-vertical css-smkl36-MuiCollapse-wrapper"
      >
        <div
          className="MuiCollapse-wrapperInner MuiCollapse-vertical css-9l5vo-MuiCollapse-wrapperInner"
        >
          <div
            className="MuiAccordion-region"
            role="region"
          >
            <div
              className="MuiAccordionDetails-root css-15v22id-MuiAccordionDetails-root"
            >
              <p
                className="MuiTypography-root MuiTypography-body1 css-ahj2mt-MuiTypography-root"
              >
                Blocks go here
              </p>
            </div>
          </div>
        </div>
      </div>
    </div>
  </div>
  <div
    className="MuiPaper-root MuiPaper-elevation MuiPaper-rounded MuiPaper-elevation3 MuiAccordion-root MuiAccordion-rounded MuiAccordion-gutters css-185lh1p-MuiPaper-root-MuiAccordion-root"
  >
    <div
      aria-expanded={false}
      className="MuiButtonBase-root MuiAccordionSummary-root MuiAccordionSummary-gutters css-n997py-MuiButtonBase-root-MuiAccordionSummary-root"
      onBlur={[Function]}
      onClick={[Function]}
      onContextMenu={[Function]}
      onDragLeave={[Function]}
      onFocus={[Function]}
      onKeyDown={[Function]}
      onKeyUp={[Function]}
      onMouseDown={[Function]}
      onMouseLeave={[Function]}
      onMouseUp={[Function]}
      onTouchEnd={[Function]}
      onTouchMove={[Function]}
      onTouchStart={[Function]}
      role="button"
      tabIndex={0}
    >
      <div
        className="MuiAccordionSummary-content MuiAccordionSummary-contentGutters css-o4b71y-MuiAccordionSummary-content"
      >
        <div
          className="MuiBox-root css-16rygv8"
        >
          <div
            className="MuiBox-root css-0"
          >
            <h5
              className="MuiTypography-root MuiTypography-h5 css-bl5h9z-MuiTypography-root"
            >
              Node 2
            </h5>
            <h6
              className="MuiTypography-root MuiTypography-subtitle1 css-gvet60-MuiTypography-root"
            >
              https://secret-lowlands-62331.herokuapp.com
            </h6>
          </div>
          <div
            className="MuiBox-root css-70qvj9"
          >
            <span
              className="css-1y3s8m3"
            />
            <span
              className="css-10g39r7"
            >
              OFFLINE
            </span>
          </div>
        </div>
      </div>
      <div
        className="MuiAccordionSummary-expandIconWrapper css-yw020d-MuiAccordionSummary-expandIconWrapper"
      >
        <svg
          aria-hidden={true}
          className="MuiSvgIcon-root MuiSvgIcon-fontSizeMedium css-i4bv87-MuiSvgIcon-root"
          data-testid="ExpandMoreIcon"
          focusable="false"
          viewBox="0 0 24 24"
        >
          <path
            d="M16.59 8.59 12 13.17 7.41 8.59 6 10l6 6 6-6z"
          />
        </svg>
      </div>
    </div>
    <div
      className="MuiCollapse-root MuiCollapse-vertical MuiCollapse-hidden css-bz4dnt-MuiCollapse-root"
      style={
        Object {
          "minHeight": "0px",
        }
      }
    >
      <div
        className="MuiCollapse-wrapper MuiCollapse-vertical css-smkl36-MuiCollapse-wrapper"
      >
        <div
          className="MuiCollapse-wrapperInner MuiCollapse-vertical css-9l5vo-MuiCollapse-wrapperInner"
        >
          <div
            className="MuiAccordion-region"
            role="region"
          >
            <div
              className="MuiAccordionDetails-root css-15v22id-MuiAccordionDetails-root"
            >
              <p
                className="MuiTypography-root MuiTypography-body1 css-ahj2mt-MuiTypography-root"
              >
                Blocks go here
              </p>
            </div>
          </div>
        </div>
      </div>
    </div>
  </div>
</div>
`;
